{"id": 3, "name":"Title 3", "reviews":["rewiew 3.1","rewiew 3.2","rewiew 3","rewiew 3.4","rewiew 1.5"] }